{
  gpu : 1
  mean : 
    {
      1 : -0.083300798050439
      2 : -0.10651495109198
      3 : -0.17295466315224
    }
  data_list : "/do_not_store/sunil/abhi/test_labels.json"
  nThreads : 8
  dataset : "simple"
  nClasses : 88
  batchSize : 16
  data_root : "/do_not_store/sunil/abhi"
  cropping : "center"
  ntest : inf
  fineSize : 224
  randomize : 0
  model : "checkpoints/main/iter16000_net.t7"
  cudnn : 1
  loadSize : 256
}
Starting donkey with id: 1 seed: 1
Starting donkey with id: 3 seed: 3
Starting donkey with id: 8 seed: 8
Starting donkey with id: 4 seed: 4
Starting donkey with id: 6 seed: 6
Starting donkey with id: 7 seed: 7
Starting donkey with id: 5 seed: 5
Starting donkey with id: 2 seed: 2
found 7816 items
found 7816 items
found 7816 items
found 7816 items
found 7816 items
found 7816 items
found 7816 items
found 7816 items
Dataset: simple	 Size: 	7816	
loading checkpoints/main/iter16000_net.t7	
checkpoints/main/iter16000_net.t7: Eval [       1 /      488]:	 Hit: 44, Miss: 43, Hit(Per): 0.5057, Miss(Per): 0.4943	
checkpoints/main/iter16000_net.t7: Eval [       2 /      488]:	 Hit: 100, Miss: 94, Hit(Per): 0.5155, Miss(Per): 0.4845	
checkpoints/main/iter16000_net.t7: Eval [       3 /      488]:	 Hit: 156, Miss: 135, Hit(Per): 0.5361, Miss(Per): 0.4639	
checkpoints/main/iter16000_net.t7: Eval [       4 /      488]:	 Hit: 204, Miss: 177, Hit(Per): 0.5354, Miss(Per): 0.4646	
checkpoints/main/iter16000_net.t7: Eval [       5 /      488]:	 Hit: 256, Miss: 231, Hit(Per): 0.5257, Miss(Per): 0.4743	
checkpoints/main/iter16000_net.t7: Eval [       6 /      488]:	 Hit: 312, Miss: 280, Hit(Per): 0.5270, Miss(Per): 0.4730	
checkpoints/main/iter16000_net.t7: Eval [       7 /      488]:	 Hit: 370, Miss: 337, Hit(Per): 0.5233, Miss(Per): 0.4767	
checkpoints/main/iter16000_net.t7: Eval [       8 /      488]:	 Hit: 425, Miss: 388, Hit(Per): 0.5228, Miss(Per): 0.4772	
checkpoints/main/iter16000_net.t7: Eval [       9 /      488]:	 Hit: 476, Miss: 442, Hit(Per): 0.5185, Miss(Per): 0.4815	
checkpoints/main/iter16000_net.t7: Eval [      10 /      488]:	 Hit: 526, Miss: 491, Hit(Per): 0.5172, Miss(Per): 0.4828	
checkpoints/main/iter16000_net.t7: Eval [      11 /      488]:	 Hit: 582, Miss: 534, Hit(Per): 0.5215, Miss(Per): 0.4785	
checkpoints/main/iter16000_net.t7: Eval [      12 /      488]:	 Hit: 635, Miss: 587, Hit(Per): 0.5196, Miss(Per): 0.4804	
checkpoints/main/iter16000_net.t7: Eval [      13 /      488]:	 Hit: 697, Miss: 628, Hit(Per): 0.5260, Miss(Per): 0.4740	
checkpoints/main/iter16000_net.t7: Eval [      14 /      488]:	 Hit: 749, Miss: 675, Hit(Per): 0.5260, Miss(Per): 0.4740	
checkpoints/main/iter16000_net.t7: Eval [      15 /      488]:	 Hit: 807, Miss: 720, Hit(Per): 0.5285, Miss(Per): 0.4715	
checkpoints/main/iter16000_net.t7: Eval [      16 /      488]:	 Hit: 860, Miss: 768, Hit(Per): 0.5283, Miss(Per): 0.4717	
checkpoints/main/iter16000_net.t7: Eval [      17 /      488]:	 Hit: 907, Miss: 817, Hit(Per): 0.5261, Miss(Per): 0.4739	
checkpoints/main/iter16000_net.t7: Eval [      18 /      488]:	 Hit: 961, Miss: 859, Hit(Per): 0.5280, Miss(Per): 0.4720	
checkpoints/main/iter16000_net.t7: Eval [      19 /      488]:	 Hit: 1017, Miss: 905, Hit(Per): 0.5291, Miss(Per): 0.4709	
checkpoints/main/iter16000_net.t7: Eval [      20 /      488]:	 Hit: 1071, Miss: 939, Hit(Per): 0.5328, Miss(Per): 0.4672	
checkpoints/main/iter16000_net.t7: Eval [      21 /      488]:	 Hit: 1132, Miss: 998, Hit(Per): 0.5315, Miss(Per): 0.4685	
checkpoints/main/iter16000_net.t7: Eval [      22 /      488]:	 Hit: 1188, Miss: 1050, Hit(Per): 0.5308, Miss(Per): 0.4692	
checkpoints/main/iter16000_net.t7: Eval [      23 /      488]:	 Hit: 1245, Miss: 1097, Hit(Per): 0.5316, Miss(Per): 0.4684	
checkpoints/main/iter16000_net.t7: Eval [      24 /      488]:	 Hit: 1301, Miss: 1153, Hit(Per): 0.5302, Miss(Per): 0.4698	
checkpoints/main/iter16000_net.t7: Eval [      25 /      488]:	 Hit: 1359, Miss: 1200, Hit(Per): 0.5311, Miss(Per): 0.4689	
checkpoints/main/iter16000_net.t7: Eval [      26 /      488]:	 Hit: 1413, Miss: 1253, Hit(Per): 0.5300, Miss(Per): 0.4700	
checkpoints/main/iter16000_net.t7: Eval [      27 /      488]:	 Hit: 1460, Miss: 1312, Hit(Per): 0.5267, Miss(Per): 0.4733	
checkpoints/main/iter16000_net.t7: Eval [      28 /      488]:	 Hit: 1513, Miss: 1352, Hit(Per): 0.5281, Miss(Per): 0.4719	
checkpoints/main/iter16000_net.t7: Eval [      29 /      488]:	 Hit: 1573, Miss: 1395, Hit(Per): 0.5300, Miss(Per): 0.4700	
checkpoints/main/iter16000_net.t7: Eval [      30 /      488]:	 Hit: 1627, Miss: 1435, Hit(Per): 0.5314, Miss(Per): 0.4686	
checkpoints/main/iter16000_net.t7: Eval [      31 /      488]:	 Hit: 1686, Miss: 1488, Hit(Per): 0.5312, Miss(Per): 0.4688	
checkpoints/main/iter16000_net.t7: Eval [      32 /      488]:	 Hit: 1752, Miss: 1549, Hit(Per): 0.5307, Miss(Per): 0.4693	
checkpoints/main/iter16000_net.t7: Eval [      33 /      488]:	 Hit: 1805, Miss: 1586, Hit(Per): 0.5323, Miss(Per): 0.4677	
checkpoints/main/iter16000_net.t7: Eval [      34 /      488]:	 Hit: 1852, Miss: 1640, Hit(Per): 0.5304, Miss(Per): 0.4696	
checkpoints/main/iter16000_net.t7: Eval [      35 /      488]:	 Hit: 1909, Miss: 1690, Hit(Per): 0.5304, Miss(Per): 0.4696	
checkpoints/main/iter16000_net.t7: Eval [      36 /      488]:	 Hit: 1962, Miss: 1729, Hit(Per): 0.5316, Miss(Per): 0.4684	
checkpoints/main/iter16000_net.t7: Eval [      37 /      488]:	 Hit: 2021, Miss: 1784, Hit(Per): 0.5311, Miss(Per): 0.4689	
checkpoints/main/iter16000_net.t7: Eval [      38 /      488]:	 Hit: 2081, Miss: 1835, Hit(Per): 0.5314, Miss(Per): 0.4686	
checkpoints/main/iter16000_net.t7: Eval [      39 /      488]:	 Hit: 2137, Miss: 1884, Hit(Per): 0.5315, Miss(Per): 0.4685	
checkpoints/main/iter16000_net.t7: Eval [      40 /      488]:	 Hit: 2186, Miss: 1924, Hit(Per): 0.5319, Miss(Per): 0.4681	
checkpoints/main/iter16000_net.t7: Eval [      41 /      488]:	 Hit: 2244, Miss: 1973, Hit(Per): 0.5321, Miss(Per): 0.4679	
checkpoints/main/iter16000_net.t7: Eval [      42 /      488]:	 Hit: 2310, Miss: 2033, Hit(Per): 0.5319, Miss(Per): 0.4681	
checkpoints/main/iter16000_net.t7: Eval [      43 /      488]:	 Hit: 2366, Miss: 2072, Hit(Per): 0.5331, Miss(Per): 0.4669	
checkpoints/main/iter16000_net.t7: Eval [      44 /      488]:	 Hit: 2427, Miss: 2128, Hit(Per): 0.5328, Miss(Per): 0.4672	
checkpoints/main/iter16000_net.t7: Eval [      45 /      488]:	 Hit: 2491, Miss: 2182, Hit(Per): 0.5331, Miss(Per): 0.4669	
checkpoints/main/iter16000_net.t7: Eval [      46 /      488]:	 Hit: 2539, Miss: 2231, Hit(Per): 0.5323, Miss(Per): 0.4677	
checkpoints/main/iter16000_net.t7: Eval [      47 /      488]:	 Hit: 2592, Miss: 2283, Hit(Per): 0.5317, Miss(Per): 0.4683	
checkpoints/main/iter16000_net.t7: Eval [      48 /      488]:	 Hit: 2646, Miss: 2335, Hit(Per): 0.5312, Miss(Per): 0.4688	
checkpoints/main/iter16000_net.t7: Eval [      49 /      488]:	 Hit: 2706, Miss: 2382, Hit(Per): 0.5318, Miss(Per): 0.4682	
checkpoints/main/iter16000_net.t7: Eval [      50 /      488]:	 Hit: 2761, Miss: 2423, Hit(Per): 0.5326, Miss(Per): 0.4674	
checkpoints/main/iter16000_net.t7: Eval [      51 /      488]:	 Hit: 2819, Miss: 2471, Hit(Per): 0.5329, Miss(Per): 0.4671	
checkpoints/main/iter16000_net.t7: Eval [      52 /      488]:	 Hit: 2881, Miss: 2529, Hit(Per): 0.5325, Miss(Per): 0.4675	
checkpoints/main/iter16000_net.t7: Eval [      53 /      488]:	 Hit: 2930, Miss: 2583, Hit(Per): 0.5315, Miss(Per): 0.4685	
checkpoints/main/iter16000_net.t7: Eval [      54 /      488]:	 Hit: 2985, Miss: 2631, Hit(Per): 0.5315, Miss(Per): 0.4685	
checkpoints/main/iter16000_net.t7: Eval [      55 /      488]:	 Hit: 3037, Miss: 2672, Hit(Per): 0.5320, Miss(Per): 0.4680	
checkpoints/main/iter16000_net.t7: Eval [      56 /      488]:	 Hit: 3099, Miss: 2713, Hit(Per): 0.5332, Miss(Per): 0.4668	
checkpoints/main/iter16000_net.t7: Eval [      57 /      488]:	 Hit: 3163, Miss: 2774, Hit(Per): 0.5328, Miss(Per): 0.4672	
checkpoints/main/iter16000_net.t7: Eval [      58 /      488]:	 Hit: 3226, Miss: 2819, Hit(Per): 0.5337, Miss(Per): 0.4663	
checkpoints/main/iter16000_net.t7: Eval [      59 /      488]:	 Hit: 3297, Miss: 2871, Hit(Per): 0.5345, Miss(Per): 0.4655	
checkpoints/main/iter16000_net.t7: Eval [      60 /      488]:	 Hit: 3345, Miss: 2914, Hit(Per): 0.5344, Miss(Per): 0.4656	
checkpoints/main/iter16000_net.t7: Eval [      61 /      488]:	 Hit: 3408, Miss: 2970, Hit(Per): 0.5343, Miss(Per): 0.4657	
checkpoints/main/iter16000_net.t7: Eval [      62 /      488]:	 Hit: 3464, Miss: 3022, Hit(Per): 0.5341, Miss(Per): 0.4659	
checkpoints/main/iter16000_net.t7: Eval [      63 /      488]:	 Hit: 3518, Miss: 3071, Hit(Per): 0.5339, Miss(Per): 0.4661	
checkpoints/main/iter16000_net.t7: Eval [      64 /      488]:	 Hit: 3573, Miss: 3111, Hit(Per): 0.5346, Miss(Per): 0.4654	
checkpoints/main/iter16000_net.t7: Eval [      65 /      488]:	 Hit: 3632, Miss: 3151, Hit(Per): 0.5355, Miss(Per): 0.4645	
checkpoints/main/iter16000_net.t7: Eval [      66 /      488]:	 Hit: 3691, Miss: 3208, Hit(Per): 0.5350, Miss(Per): 0.4650	
checkpoints/main/iter16000_net.t7: Eval [      67 /      488]:	 Hit: 3755, Miss: 3271, Hit(Per): 0.5344, Miss(Per): 0.4656	
checkpoints/main/iter16000_net.t7: Eval [      68 /      488]:	 Hit: 3811, Miss: 3318, Hit(Per): 0.5346, Miss(Per): 0.4654	
checkpoints/main/iter16000_net.t7: Eval [      69 /      488]:	 Hit: 3879, Miss: 3377, Hit(Per): 0.5346, Miss(Per): 0.4654	
checkpoints/main/iter16000_net.t7: Eval [      70 /      488]:	 Hit: 3946, Miss: 3422, Hit(Per): 0.5356, Miss(Per): 0.4644	
checkpoints/main/iter16000_net.t7: Eval [      71 /      488]:	 Hit: 4007, Miss: 3475, Hit(Per): 0.5356, Miss(Per): 0.4644	
checkpoints/main/iter16000_net.t7: Eval [      72 /      488]:	 Hit: 4055, Miss: 3514, Hit(Per): 0.5357, Miss(Per): 0.4643	
checkpoints/main/iter16000_net.t7: Eval [      73 /      488]:	 Hit: 4106, Miss: 3557, Hit(Per): 0.5358, Miss(Per): 0.4642	
checkpoints/main/iter16000_net.t7: Eval [      74 /      488]:	 Hit: 4165, Miss: 3604, Hit(Per): 0.5361, Miss(Per): 0.4639	
checkpoints/main/iter16000_net.t7: Eval [      75 /      488]:	 Hit: 4213, Miss: 3649, Hit(Per): 0.5359, Miss(Per): 0.4641	
checkpoints/main/iter16000_net.t7: Eval [      76 /      488]:	 Hit: 4265, Miss: 3693, Hit(Per): 0.5359, Miss(Per): 0.4641	
checkpoints/main/iter16000_net.t7: Eval [      77 /      488]:	 Hit: 4322, Miss: 3753, Hit(Per): 0.5352, Miss(Per): 0.4648	
checkpoints/main/iter16000_net.t7: Eval [      78 /      488]:	 Hit: 4373, Miss: 3797, Hit(Per): 0.5353, Miss(Per): 0.4647	
checkpoints/main/iter16000_net.t7: Eval [      79 /      488]:	 Hit: 4428, Miss: 3839, Hit(Per): 0.5356, Miss(Per): 0.4644	
checkpoints/main/iter16000_net.t7: Eval [      80 /      488]:	 Hit: 4489, Miss: 3890, Hit(Per): 0.5357, Miss(Per): 0.4643	
checkpoints/main/iter16000_net.t7: Eval [      81 /      488]:	 Hit: 4550, Miss: 3944, Hit(Per): 0.5357, Miss(Per): 0.4643	
checkpoints/main/iter16000_net.t7: Eval [      82 /      488]:	 Hit: 4599, Miss: 3993, Hit(Per): 0.5353, Miss(Per): 0.4647	
checkpoints/main/iter16000_net.t7: Eval [      83 /      488]:	 Hit: 4651, Miss: 4041, Hit(Per): 0.5351, Miss(Per): 0.4649	
checkpoints/main/iter16000_net.t7: Eval [      84 /      488]:	 Hit: 4712, Miss: 4088, Hit(Per): 0.5355, Miss(Per): 0.4645	
checkpoints/main/iter16000_net.t7: Eval [      85 /      488]:	 Hit: 4770, Miss: 4144, Hit(Per): 0.5351, Miss(Per): 0.4649	
checkpoints/main/iter16000_net.t7: Eval [      86 /      488]:	 Hit: 4829, Miss: 4192, Hit(Per): 0.5353, Miss(Per): 0.4647	
checkpoints/main/iter16000_net.t7: Eval [      87 /      488]:	 Hit: 4888, Miss: 4251, Hit(Per): 0.5349, Miss(Per): 0.4651	
checkpoints/main/iter16000_net.t7: Eval [      88 /      488]:	 Hit: 4945, Miss: 4296, Hit(Per): 0.5351, Miss(Per): 0.4649	
checkpoints/main/iter16000_net.t7: Eval [      89 /      488]:	 Hit: 4997, Miss: 4343, Hit(Per): 0.5350, Miss(Per): 0.4650	
checkpoints/main/iter16000_net.t7: Eval [      90 /      488]:	 Hit: 5047, Miss: 4389, Hit(Per): 0.5349, Miss(Per): 0.4651	
checkpoints/main/iter16000_net.t7: Eval [      91 /      488]:	 Hit: 5099, Miss: 4438, Hit(Per): 0.5347, Miss(Per): 0.4653	
checkpoints/main/iter16000_net.t7: Eval [      92 /      488]:	 Hit: 5154, Miss: 4493, Hit(Per): 0.5343, Miss(Per): 0.4657	
checkpoints/main/iter16000_net.t7: Eval [      93 /      488]:	 Hit: 5211, Miss: 4541, Hit(Per): 0.5344, Miss(Per): 0.4656	
checkpoints/main/iter16000_net.t7: Eval [      94 /      488]:	 Hit: 5264, Miss: 4585, Hit(Per): 0.5345, Miss(Per): 0.4655	
checkpoints/main/iter16000_net.t7: Eval [      95 /      488]:	 Hit: 5319, Miss: 4622, Hit(Per): 0.5351, Miss(Per): 0.4649	
checkpoints/main/iter16000_net.t7: Eval [      96 /      488]:	 Hit: 5383, Miss: 4675, Hit(Per): 0.5352, Miss(Per): 0.4648	
checkpoints/main/iter16000_net.t7: Eval [      97 /      488]:	 Hit: 5431, Miss: 4715, Hit(Per): 0.5353, Miss(Per): 0.4647	
checkpoints/main/iter16000_net.t7: Eval [      98 /      488]:	 Hit: 5476, Miss: 4764, Hit(Per): 0.5348, Miss(Per): 0.4652	
checkpoints/main/iter16000_net.t7: Eval [      99 /      488]:	 Hit: 5530, Miss: 4810, Hit(Per): 0.5348, Miss(Per): 0.4652	
checkpoints/main/iter16000_net.t7: Eval [     100 /      488]:	 Hit: 5589, Miss: 4860, Hit(Per): 0.5349, Miss(Per): 0.4651	
checkpoints/main/iter16000_net.t7: Eval [     101 /      488]:	 Hit: 5649, Miss: 4926, Hit(Per): 0.5342, Miss(Per): 0.4658	
checkpoints/main/iter16000_net.t7: Eval [     102 /      488]:	 Hit: 5700, Miss: 4967, Hit(Per): 0.5344, Miss(Per): 0.4656	
checkpoints/main/iter16000_net.t7: Eval [     103 /      488]:	 Hit: 5754, Miss: 5016, Hit(Per): 0.5343, Miss(Per): 0.4657	
checkpoints/main/iter16000_net.t7: Eval [     104 /      488]:	 Hit: 5816, Miss: 5067, Hit(Per): 0.5344, Miss(Per): 0.4656	
checkpoints/main/iter16000_net.t7: Eval [     105 /      488]:	 Hit: 5869, Miss: 5116, Hit(Per): 0.5343, Miss(Per): 0.4657	
checkpoints/main/iter16000_net.t7: Eval [     106 /      488]:	 Hit: 5927, Miss: 5157, Hit(Per): 0.5347, Miss(Per): 0.4653	
checkpoints/main/iter16000_net.t7: Eval [     107 /      488]:	 Hit: 5982, Miss: 5218, Hit(Per): 0.5341, Miss(Per): 0.4659	
checkpoints/main/iter16000_net.t7: Eval [     108 /      488]:	 Hit: 6042, Miss: 5264, Hit(Per): 0.5344, Miss(Per): 0.4656	
checkpoints/main/iter16000_net.t7: Eval [     109 /      488]:	 Hit: 6096, Miss: 5308, Hit(Per): 0.5345, Miss(Per): 0.4655	
checkpoints/main/iter16000_net.t7: Eval [     110 /      488]:	 Hit: 6159, Miss: 5356, Hit(Per): 0.5349, Miss(Per): 0.4651	
checkpoints/main/iter16000_net.t7: Eval [     111 /      488]:	 Hit: 6209, Miss: 5394, Hit(Per): 0.5351, Miss(Per): 0.4649	
checkpoints/main/iter16000_net.t7: Eval [     112 /      488]:	 Hit: 6263, Miss: 5440, Hit(Per): 0.5352, Miss(Per): 0.4648	
checkpoints/main/iter16000_net.t7: Eval [     113 /      488]:	 Hit: 6318, Miss: 5490, Hit(Per): 0.5351, Miss(Per): 0.4649	
checkpoints/main/iter16000_net.t7: Eval [     114 /      488]:	 Hit: 6367, Miss: 5533, Hit(Per): 0.5350, Miss(Per): 0.4650	
checkpoints/main/iter16000_net.t7: Eval [     115 /      488]:	 Hit: 6431, Miss: 5589, Hit(Per): 0.5350, Miss(Per): 0.4650	
checkpoints/main/iter16000_net.t7: Eval [     116 /      488]:	 Hit: 6489, Miss: 5639, Hit(Per): 0.5350, Miss(Per): 0.4650	
checkpoints/main/iter16000_net.t7: Eval [     117 /      488]:	 Hit: 6546, Miss: 5688, Hit(Per): 0.5351, Miss(Per): 0.4649	
checkpoints/main/iter16000_net.t7: Eval [     118 /      488]:	 Hit: 6608, Miss: 5743, Hit(Per): 0.5350, Miss(Per): 0.4650	
checkpoints/main/iter16000_net.t7: Eval [     119 /      488]:	 Hit: 6670, Miss: 5796, Hit(Per): 0.5351, Miss(Per): 0.4649	
checkpoints/main/iter16000_net.t7: Eval [     120 /      488]:	 Hit: 6722, Miss: 5846, Hit(Per): 0.5349, Miss(Per): 0.4651	
checkpoints/main/iter16000_net.t7: Eval [     121 /      488]:	 Hit: 6773, Miss: 5895, Hit(Per): 0.5347, Miss(Per): 0.4653	
checkpoints/main/iter16000_net.t7: Eval [     122 /      488]:	 Hit: 6832, Miss: 5936, Hit(Per): 0.5351, Miss(Per): 0.4649	
checkpoints/main/iter16000_net.t7: Eval [     123 /      488]:	 Hit: 6885, Miss: 5989, Hit(Per): 0.5348, Miss(Per): 0.4652	
checkpoints/main/iter16000_net.t7: Eval [     124 /      488]:	 Hit: 6941, Miss: 6036, Hit(Per): 0.5349, Miss(Per): 0.4651	
checkpoints/main/iter16000_net.t7: Eval [     125 /      488]:	 Hit: 6996, Miss: 6087, Hit(Per): 0.5347, Miss(Per): 0.4653	
checkpoints/main/iter16000_net.t7: Eval [     126 /      488]:	 Hit: 7049, Miss: 6134, Hit(Per): 0.5347, Miss(Per): 0.4653	
checkpoints/main/iter16000_net.t7: Eval [     127 /      488]:	 Hit: 7114, Miss: 6179, Hit(Per): 0.5352, Miss(Per): 0.4648	
checkpoints/main/iter16000_net.t7: Eval [     128 /      488]:	 Hit: 7167, Miss: 6240, Hit(Per): 0.5346, Miss(Per): 0.4654	
checkpoints/main/iter16000_net.t7: Eval [     129 /      488]:	 Hit: 7234, Miss: 6289, Hit(Per): 0.5349, Miss(Per): 0.4651	
checkpoints/main/iter16000_net.t7: Eval [     130 /      488]:	 Hit: 7299, Miss: 6343, Hit(Per): 0.5350, Miss(Per): 0.4650	
checkpoints/main/iter16000_net.t7: Eval [     131 /      488]:	 Hit: 7357, Miss: 6391, Hit(Per): 0.5351, Miss(Per): 0.4649	
checkpoints/main/iter16000_net.t7: Eval [     132 /      488]:	 Hit: 7412, Miss: 6437, Hit(Per): 0.5352, Miss(Per): 0.4648	
checkpoints/main/iter16000_net.t7: Eval [     133 /      488]:	 Hit: 7469, Miss: 6479, Hit(Per): 0.5355, Miss(Per): 0.4645	
checkpoints/main/iter16000_net.t7: Eval [     134 /      488]:	 Hit: 7525, Miss: 6528, Hit(Per): 0.5355, Miss(Per): 0.4645	
checkpoints/main/iter16000_net.t7: Eval [     135 /      488]:	 Hit: 7579, Miss: 6566, Hit(Per): 0.5358, Miss(Per): 0.4642	
checkpoints/main/iter16000_net.t7: Eval [     136 /      488]:	 Hit: 7634, Miss: 6621, Hit(Per): 0.5355, Miss(Per): 0.4645	
checkpoints/main/iter16000_net.t7: Eval [     137 /      488]:	 Hit: 7692, Miss: 6674, Hit(Per): 0.5354, Miss(Per): 0.4646	
checkpoints/main/iter16000_net.t7: Eval [     138 /      488]:	 Hit: 7749, Miss: 6721, Hit(Per): 0.5355, Miss(Per): 0.4645	
checkpoints/main/iter16000_net.t7: Eval [     139 /      488]:	 Hit: 7799, Miss: 6765, Hit(Per): 0.5355, Miss(Per): 0.4645	
checkpoints/main/iter16000_net.t7: Eval [     140 /      488]:	 Hit: 7865, Miss: 6818, Hit(Per): 0.5357, Miss(Per): 0.4643	
checkpoints/main/iter16000_net.t7: Eval [     141 /      488]:	 Hit: 7921, Miss: 6870, Hit(Per): 0.5355, Miss(Per): 0.4645	
checkpoints/main/iter16000_net.t7: Eval [     142 /      488]:	 Hit: 7974, Miss: 6918, Hit(Per): 0.5355, Miss(Per): 0.4645	
checkpoints/main/iter16000_net.t7: Eval [     143 /      488]:	 Hit: 8041, Miss: 6971, Hit(Per): 0.5356, Miss(Per): 0.4644	
checkpoints/main/iter16000_net.t7: Eval [     144 /      488]:	 Hit: 8082, Miss: 7017, Hit(Per): 0.5353, Miss(Per): 0.4647	
checkpoints/main/iter16000_net.t7: Eval [     145 /      488]:	 Hit: 8143, Miss: 7073, Hit(Per): 0.5352, Miss(Per): 0.4648	
checkpoints/main/iter16000_net.t7: Eval [     146 /      488]:	 Hit: 8199, Miss: 7122, Hit(Per): 0.5351, Miss(Per): 0.4649	
checkpoints/main/iter16000_net.t7: Eval [     147 /      488]:	 Hit: 8255, Miss: 7164, Hit(Per): 0.5354, Miss(Per): 0.4646	
checkpoints/main/iter16000_net.t7: Eval [     148 /      488]:	 Hit: 8311, Miss: 7208, Hit(Per): 0.5355, Miss(Per): 0.4645	
checkpoints/main/iter16000_net.t7: Eval [     149 /      488]:	 Hit: 8360, Miss: 7262, Hit(Per): 0.5351, Miss(Per): 0.4649	
checkpoints/main/iter16000_net.t7: Eval [     150 /      488]:	 Hit: 8415, Miss: 7306, Hit(Per): 0.5353, Miss(Per): 0.4647	
checkpoints/main/iter16000_net.t7: Eval [     151 /      488]:	 Hit: 8466, Miss: 7362, Hit(Per): 0.5349, Miss(Per): 0.4651	
checkpoints/main/iter16000_net.t7: Eval [     152 /      488]:	 Hit: 8522, Miss: 7412, Hit(Per): 0.5348, Miss(Per): 0.4652	
checkpoints/main/iter16000_net.t7: Eval [     153 /      488]:	 Hit: 8571, Miss: 7459, Hit(Per): 0.5347, Miss(Per): 0.4653	
checkpoints/main/iter16000_net.t7: Eval [     154 /      488]:	 Hit: 8628, Miss: 7522, Hit(Per): 0.5342, Miss(Per): 0.4658	
checkpoints/main/iter16000_net.t7: Eval [     155 /      488]:	 Hit: 8685, Miss: 7575, Hit(Per): 0.5341, Miss(Per): 0.4659	
checkpoints/main/iter16000_net.t7: Eval [     156 /      488]:	 Hit: 8740, Miss: 7616, Hit(Per): 0.5344, Miss(Per): 0.4656	
checkpoints/main/iter16000_net.t7: Eval [     157 /      488]:	 Hit: 8792, Miss: 7678, Hit(Per): 0.5338, Miss(Per): 0.4662	
checkpoints/main/iter16000_net.t7: Eval [     158 /      488]:	 Hit: 8853, Miss: 7725, Hit(Per): 0.5340, Miss(Per): 0.4660	
checkpoints/main/iter16000_net.t7: Eval [     159 /      488]:	 Hit: 8913, Miss: 7792, Hit(Per): 0.5336, Miss(Per): 0.4664	
checkpoints/main/iter16000_net.t7: Eval [     160 /      488]:	 Hit: 8980, Miss: 7850, Hit(Per): 0.5336, Miss(Per): 0.4664	
checkpoints/main/iter16000_net.t7: Eval [     161 /      488]:	 Hit: 9027, Miss: 7882, Hit(Per): 0.5339, Miss(Per): 0.4661	
checkpoints/main/iter16000_net.t7: Eval [     162 /      488]:	 Hit: 9088, Miss: 7933, Hit(Per): 0.5339, Miss(Per): 0.4661	
checkpoints/main/iter16000_net.t7: Eval [     163 /      488]:	 Hit: 9142, Miss: 7990, Hit(Per): 0.5336, Miss(Per): 0.4664	
checkpoints/main/iter16000_net.t7: Eval [     164 /      488]:	 Hit: 9201, Miss: 8043, Hit(Per): 0.5336, Miss(Per): 0.4664	
checkpoints/main/iter16000_net.t7: Eval [     165 /      488]:	 Hit: 9254, Miss: 8100, Hit(Per): 0.5332, Miss(Per): 0.4668	
checkpoints/main/iter16000_net.t7: Eval [     166 /      488]:	 Hit: 9304, Miss: 8149, Hit(Per): 0.5331, Miss(Per): 0.4669	
checkpoints/main/iter16000_net.t7: Eval [     167 /      488]:	 Hit: 9359, Miss: 8196, Hit(Per): 0.5331, Miss(Per): 0.4669	
checkpoints/main/iter16000_net.t7: Eval [     168 /      488]:	 Hit: 9411, Miss: 8247, Hit(Per): 0.5330, Miss(Per): 0.4670	
checkpoints/main/iter16000_net.t7: Eval [     169 /      488]:	 Hit: 9469, Miss: 8293, Hit(Per): 0.5331, Miss(Per): 0.4669	
checkpoints/main/iter16000_net.t7: Eval [     170 /      488]:	 Hit: 9523, Miss: 8346, Hit(Per): 0.5329, Miss(Per): 0.4671	
checkpoints/main/iter16000_net.t7: Eval [     171 /      488]:	 Hit: 9575, Miss: 8396, Hit(Per): 0.5328, Miss(Per): 0.4672	
checkpoints/main/iter16000_net.t7: Eval [     172 /      488]:	 Hit: 9636, Miss: 8448, Hit(Per): 0.5328, Miss(Per): 0.4672	
checkpoints/main/iter16000_net.t7: Eval [     173 /      488]:	 Hit: 9692, Miss: 8492, Hit(Per): 0.5330, Miss(Per): 0.4670	
checkpoints/main/iter16000_net.t7: Eval [     174 /      488]:	 Hit: 9757, Miss: 8542, Hit(Per): 0.5332, Miss(Per): 0.4668	
checkpoints/main/iter16000_net.t7: Eval [     175 /      488]:	 Hit: 9811, Miss: 8591, Hit(Per): 0.5331, Miss(Per): 0.4669	
checkpoints/main/iter16000_net.t7: Eval [     176 /      488]:	 Hit: 9859, Miss: 8634, Hit(Per): 0.5331, Miss(Per): 0.4669	
checkpoints/main/iter16000_net.t7: Eval [     177 /      488]:	 Hit: 9918, Miss: 8707, Hit(Per): 0.5325, Miss(Per): 0.4675	
checkpoints/main/iter16000_net.t7: Eval [     178 /      488]:	 Hit: 9977, Miss: 8757, Hit(Per): 0.5326, Miss(Per): 0.4674	
checkpoints/main/iter16000_net.t7: Eval [     179 /      488]:	 Hit: 10031, Miss: 8811, Hit(Per): 0.5324, Miss(Per): 0.4676	
checkpoints/main/iter16000_net.t7: Eval [     180 /      488]:	 Hit: 10085, Miss: 8854, Hit(Per): 0.5325, Miss(Per): 0.4675	
checkpoints/main/iter16000_net.t7: Eval [     181 /      488]:	 Hit: 10141, Miss: 8908, Hit(Per): 0.5324, Miss(Per): 0.4676	
checkpoints/main/iter16000_net.t7: Eval [     182 /      488]:	 Hit: 10194, Miss: 8967, Hit(Per): 0.5320, Miss(Per): 0.4680	
checkpoints/main/iter16000_net.t7: Eval [     183 /      488]:	 Hit: 10247, Miss: 9008, Hit(Per): 0.5322, Miss(Per): 0.4678	
checkpoints/main/iter16000_net.t7: Eval [     184 /      488]:	 Hit: 10304, Miss: 9060, Hit(Per): 0.5321, Miss(Per): 0.4679	
checkpoints/main/iter16000_net.t7: Eval [     185 /      488]:	 Hit: 10365, Miss: 9113, Hit(Per): 0.5321, Miss(Per): 0.4679	
checkpoints/main/iter16000_net.t7: Eval [     186 /      488]:	 Hit: 10422, Miss: 9167, Hit(Per): 0.5320, Miss(Per): 0.4680	
checkpoints/main/iter16000_net.t7: Eval [     187 /      488]:	 Hit: 10480, Miss: 9215, Hit(Per): 0.5321, Miss(Per): 0.4679	
checkpoints/main/iter16000_net.t7: Eval [     188 /      488]:	 Hit: 10542, Miss: 9265, Hit(Per): 0.5322, Miss(Per): 0.4678	
checkpoints/main/iter16000_net.t7: Eval [     189 /      488]:	 Hit: 10595, Miss: 9317, Hit(Per): 0.5321, Miss(Per): 0.4679	
checkpoints/main/iter16000_net.t7: Eval [     190 /      488]:	 Hit: 10650, Miss: 9363, Hit(Per): 0.5322, Miss(Per): 0.4678	
checkpoints/main/iter16000_net.t7: Eval [     191 /      488]:	 Hit: 10714, Miss: 9407, Hit(Per): 0.5325, Miss(Per): 0.4675	
checkpoints/main/iter16000_net.t7: Eval [     192 /      488]:	 Hit: 10766, Miss: 9455, Hit(Per): 0.5324, Miss(Per): 0.4676	
checkpoints/main/iter16000_net.t7: Eval [     193 /      488]:	 Hit: 10827, Miss: 9502, Hit(Per): 0.5326, Miss(Per): 0.4674	
checkpoints/main/iter16000_net.t7: Eval [     194 /      488]:	 Hit: 10896, Miss: 9554, Hit(Per): 0.5328, Miss(Per): 0.4672	
checkpoints/main/iter16000_net.t7: Eval [     195 /      488]:	 Hit: 10945, Miss: 9605, Hit(Per): 0.5326, Miss(Per): 0.4674	
checkpoints/main/iter16000_net.t7: Eval [     196 /      488]:	 Hit: 11013, Miss: 9660, Hit(Per): 0.5327, Miss(Per): 0.4673	
checkpoints/main/iter16000_net.t7: Eval [     197 /      488]:	 Hit: 11066, Miss: 9703, Hit(Per): 0.5328, Miss(Per): 0.4672	
checkpoints/main/iter16000_net.t7: Eval [     198 /      488]:	 Hit: 11123, Miss: 9740, Hit(Per): 0.5331, Miss(Per): 0.4669	
checkpoints/main/iter16000_net.t7: Eval [     199 /      488]:	 Hit: 11181, Miss: 9788, Hit(Per): 0.5332, Miss(Per): 0.4668	
checkpoints/main/iter16000_net.t7: Eval [     200 /      488]:	 Hit: 11242, Miss: 9844, Hit(Per): 0.5331, Miss(Per): 0.4669	
checkpoints/main/iter16000_net.t7: Eval [     201 /      488]:	 Hit: 11294, Miss: 9881, Hit(Per): 0.5334, Miss(Per): 0.4666	
checkpoints/main/iter16000_net.t7: Eval [     202 /      488]:	 Hit: 11355, Miss: 9930, Hit(Per): 0.5335, Miss(Per): 0.4665	
checkpoints/main/iter16000_net.t7: Eval [     203 /      488]:	 Hit: 11412, Miss: 9978, Hit(Per): 0.5335, Miss(Per): 0.4665	
checkpoints/main/iter16000_net.t7: Eval [     204 /      488]:	 Hit: 11471, Miss: 10034, Hit(Per): 0.5334, Miss(Per): 0.4666	
checkpoints/main/iter16000_net.t7: Eval [     205 /      488]:	 Hit: 11533, Miss: 10091, Hit(Per): 0.5333, Miss(Per): 0.4667	
checkpoints/main/iter16000_net.t7: Eval [     206 /      488]:	 Hit: 11591, Miss: 10141, Hit(Per): 0.5334, Miss(Per): 0.4666	
checkpoints/main/iter16000_net.t7: Eval [     207 /      488]:	 Hit: 11647, Miss: 10199, Hit(Per): 0.5331, Miss(Per): 0.4669	
checkpoints/main/iter16000_net.t7: Eval [     208 /      488]:	 Hit: 11713, Miss: 10264, Hit(Per): 0.5330, Miss(Per): 0.4670	
checkpoints/main/iter16000_net.t7: Eval [     209 /      488]:	 Hit: 11769, Miss: 10311, Hit(Per): 0.5330, Miss(Per): 0.4670	
checkpoints/main/iter16000_net.t7: Eval [     210 /      488]:	 Hit: 11819, Miss: 10355, Hit(Per): 0.5330, Miss(Per): 0.4670	
checkpoints/main/iter16000_net.t7: Eval [     211 /      488]:	 Hit: 11878, Miss: 10409, Hit(Per): 0.5330, Miss(Per): 0.4670	
checkpoints/main/iter16000_net.t7: Eval [     212 /      488]:	 Hit: 11937, Miss: 10460, Hit(Per): 0.5330, Miss(Per): 0.4670	
checkpoints/main/iter16000_net.t7: Eval [     213 /      488]:	 Hit: 11989, Miss: 10513, Hit(Per): 0.5328, Miss(Per): 0.4672	
checkpoints/main/iter16000_net.t7: Eval [     214 /      488]:	 Hit: 12046, Miss: 10574, Hit(Per): 0.5325, Miss(Per): 0.4675	
checkpoints/main/iter16000_net.t7: Eval [     215 /      488]:	 Hit: 12107, Miss: 10616, Hit(Per): 0.5328, Miss(Per): 0.4672	
checkpoints/main/iter16000_net.t7: Eval [     216 /      488]:	 Hit: 12171, Miss: 10662, Hit(Per): 0.5330, Miss(Per): 0.4670	
checkpoints/main/iter16000_net.t7: Eval [     217 /      488]:	 Hit: 12225, Miss: 10703, Hit(Per): 0.5332, Miss(Per): 0.4668	
checkpoints/main/iter16000_net.t7: Eval [     218 /      488]:	 Hit: 12282, Miss: 10755, Hit(Per): 0.5331, Miss(Per): 0.4669	
checkpoints/main/iter16000_net.t7: Eval [     219 /      488]:	 Hit: 12339, Miss: 10810, Hit(Per): 0.5330, Miss(Per): 0.4670	
checkpoints/main/iter16000_net.t7: Eval [     220 /      488]:	 Hit: 12396, Miss: 10869, Hit(Per): 0.5328, Miss(Per): 0.4672	
checkpoints/main/iter16000_net.t7: Eval [     221 /      488]:	 Hit: 12453, Miss: 10923, Hit(Per): 0.5327, Miss(Per): 0.4673	
checkpoints/main/iter16000_net.t7: Eval [     222 /      488]:	 Hit: 12519, Miss: 10984, Hit(Per): 0.5327, Miss(Per): 0.4673	
checkpoints/main/iter16000_net.t7: Eval [     223 /      488]:	 Hit: 12575, Miss: 11027, Hit(Per): 0.5328, Miss(Per): 0.4672	
checkpoints/main/iter16000_net.t7: Eval [     224 /      488]:	 Hit: 12637, Miss: 11081, Hit(Per): 0.5328, Miss(Per): 0.4672	
checkpoints/main/iter16000_net.t7: Eval [     225 /      488]:	 Hit: 12696, Miss: 11131, Hit(Per): 0.5328, Miss(Per): 0.4672	
checkpoints/main/iter16000_net.t7: Eval [     226 /      488]:	 Hit: 12749, Miss: 11184, Hit(Per): 0.5327, Miss(Per): 0.4673	
checkpoints/main/iter16000_net.t7: Eval [     227 /      488]:	 Hit: 12809, Miss: 11233, Hit(Per): 0.5328, Miss(Per): 0.4672	
checkpoints/main/iter16000_net.t7: Eval [     228 /      488]:	 Hit: 12857, Miss: 11286, Hit(Per): 0.5325, Miss(Per): 0.4675	
checkpoints/main/iter16000_net.t7: Eval [     229 /      488]:	 Hit: 12920, Miss: 11337, Hit(Per): 0.5326, Miss(Per): 0.4674	
checkpoints/main/iter16000_net.t7: Eval [     230 /      488]:	 Hit: 12975, Miss: 11372, Hit(Per): 0.5329, Miss(Per): 0.4671	
checkpoints/main/iter16000_net.t7: Eval [     231 /      488]:	 Hit: 13024, Miss: 11414, Hit(Per): 0.5329, Miss(Per): 0.4671	
checkpoints/main/iter16000_net.t7: Eval [     232 /      488]:	 Hit: 13075, Miss: 11466, Hit(Per): 0.5328, Miss(Per): 0.4672	
checkpoints/main/iter16000_net.t7: Eval [     233 /      488]:	 Hit: 13132, Miss: 11511, Hit(Per): 0.5329, Miss(Per): 0.4671	
checkpoints/main/iter16000_net.t7: Eval [     234 /      488]:	 Hit: 13184, Miss: 11547, Hit(Per): 0.5331, Miss(Per): 0.4669	
checkpoints/main/iter16000_net.t7: Eval [     235 /      488]:	 Hit: 13238, Miss: 11602, Hit(Per): 0.5329, Miss(Per): 0.4671	
checkpoints/main/iter16000_net.t7: Eval [     236 /      488]:	 Hit: 13293, Miss: 11641, Hit(Per): 0.5331, Miss(Per): 0.4669	
checkpoints/main/iter16000_net.t7: Eval [     237 /      488]:	 Hit: 13346, Miss: 11680, Hit(Per): 0.5333, Miss(Per): 0.4667	
checkpoints/main/iter16000_net.t7: Eval [     238 /      488]:	 Hit: 13402, Miss: 11724, Hit(Per): 0.5334, Miss(Per): 0.4666	
checkpoints/main/iter16000_net.t7: Eval [     239 /      488]:	 Hit: 13447, Miss: 11765, Hit(Per): 0.5334, Miss(Per): 0.4666	
checkpoints/main/iter16000_net.t7: Eval [     240 /      488]:	 Hit: 13499, Miss: 11818, Hit(Per): 0.5332, Miss(Per): 0.4668	
checkpoints/main/iter16000_net.t7: Eval [     241 /      488]:	 Hit: 13553, Miss: 11856, Hit(Per): 0.5334, Miss(Per): 0.4666	
checkpoints/main/iter16000_net.t7: Eval [     242 /      488]:	 Hit: 13611, Miss: 11896, Hit(Per): 0.5336, Miss(Per): 0.4664	
checkpoints/main/iter16000_net.t7: Eval [     243 /      488]:	 Hit: 13658, Miss: 11948, Hit(Per): 0.5334, Miss(Per): 0.4666	
checkpoints/main/iter16000_net.t7: Eval [     244 /      488]:	 Hit: 13716, Miss: 12001, Hit(Per): 0.5333, Miss(Per): 0.4667	
checkpoints/main/iter16000_net.t7: Eval [     245 /      488]:	 Hit: 13772, Miss: 12054, Hit(Per): 0.5333, Miss(Per): 0.4667	
checkpoints/main/iter16000_net.t7: Eval [     246 /      488]:	 Hit: 13825, Miss: 12091, Hit(Per): 0.5335, Miss(Per): 0.4665	
checkpoints/main/iter16000_net.t7: Eval [     247 /      488]:	 Hit: 13879, Miss: 12134, Hit(Per): 0.5335, Miss(Per): 0.4665	
checkpoints/main/iter16000_net.t7: Eval [     248 /      488]:	 Hit: 13933, Miss: 12180, Hit(Per): 0.5336, Miss(Per): 0.4664	
checkpoints/main/iter16000_net.t7: Eval [     249 /      488]:	 Hit: 13986, Miss: 12230, Hit(Per): 0.5335, Miss(Per): 0.4665	
checkpoints/main/iter16000_net.t7: Eval [     250 /      488]:	 Hit: 14041, Miss: 12276, Hit(Per): 0.5335, Miss(Per): 0.4665	
checkpoints/main/iter16000_net.t7: Eval [     251 /      488]:	 Hit: 14104, Miss: 12337, Hit(Per): 0.5334, Miss(Per): 0.4666	
checkpoints/main/iter16000_net.t7: Eval [     252 /      488]:	 Hit: 14161, Miss: 12378, Hit(Per): 0.5336, Miss(Per): 0.4664	
checkpoints/main/iter16000_net.t7: Eval [     253 /      488]:	 Hit: 14214, Miss: 12424, Hit(Per): 0.5336, Miss(Per): 0.4664	
checkpoints/main/iter16000_net.t7: Eval [     254 /      488]:	 Hit: 14280, Miss: 12473, Hit(Per): 0.5338, Miss(Per): 0.4662	
checkpoints/main/iter16000_net.t7: Eval [     255 /      488]:	 Hit: 14331, Miss: 12522, Hit(Per): 0.5337, Miss(Per): 0.4663	
checkpoints/main/iter16000_net.t7: Eval [     256 /      488]:	 Hit: 14391, Miss: 12568, Hit(Per): 0.5338, Miss(Per): 0.4662	
checkpoints/main/iter16000_net.t7: Eval [     257 /      488]:	 Hit: 14455, Miss: 12616, Hit(Per): 0.5340, Miss(Per): 0.4660	
checkpoints/main/iter16000_net.t7: Eval [     258 /      488]:	 Hit: 14514, Miss: 12679, Hit(Per): 0.5337, Miss(Per): 0.4663	
checkpoints/main/iter16000_net.t7: Eval [     259 /      488]:	 Hit: 14573, Miss: 12722, Hit(Per): 0.5339, Miss(Per): 0.4661	
checkpoints/main/iter16000_net.t7: Eval [     260 /      488]:	 Hit: 14637, Miss: 12790, Hit(Per): 0.5337, Miss(Per): 0.4663	
checkpoints/main/iter16000_net.t7: Eval [     261 /      488]:	 Hit: 14691, Miss: 12836, Hit(Per): 0.5337, Miss(Per): 0.4663	
checkpoints/main/iter16000_net.t7: Eval [     262 /      488]:	 Hit: 14747, Miss: 12887, Hit(Per): 0.5337, Miss(Per): 0.4663	
checkpoints/main/iter16000_net.t7: Eval [     263 /      488]:	 Hit: 14799, Miss: 12927, Hit(Per): 0.5338, Miss(Per): 0.4662	
checkpoints/main/iter16000_net.t7: Eval [     264 /      488]:	 Hit: 14852, Miss: 12971, Hit(Per): 0.5338, Miss(Per): 0.4662	
checkpoints/main/iter16000_net.t7: Eval [     265 /      488]:	 Hit: 14908, Miss: 13018, Hit(Per): 0.5338, Miss(Per): 0.4662	
checkpoints/main/iter16000_net.t7: Eval [     266 /      488]:	 Hit: 14964, Miss: 13063, Hit(Per): 0.5339, Miss(Per): 0.4661	
checkpoints/main/iter16000_net.t7: Eval [     267 /      488]:	 Hit: 15020, Miss: 13111, Hit(Per): 0.5339, Miss(Per): 0.4661	
checkpoints/main/iter16000_net.t7: Eval [     268 /      488]:	 Hit: 15072, Miss: 13156, Hit(Per): 0.5339, Miss(Per): 0.4661	
checkpoints/main/iter16000_net.t7: Eval [     269 /      488]:	 Hit: 15132, Miss: 13203, Hit(Per): 0.5340, Miss(Per): 0.4660	
checkpoints/main/iter16000_net.t7: Eval [     270 /      488]:	 Hit: 15186, Miss: 13254, Hit(Per): 0.5340, Miss(Per): 0.4660	
checkpoints/main/iter16000_net.t7: Eval [     271 /      488]:	 Hit: 15253, Miss: 13306, Hit(Per): 0.5341, Miss(Per): 0.4659	
checkpoints/main/iter16000_net.t7: Eval [     272 /      488]:	 Hit: 15319, Miss: 13346, Hit(Per): 0.5344, Miss(Per): 0.4656	
checkpoints/main/iter16000_net.t7: Eval [     273 /      488]:	 Hit: 15378, Miss: 13398, Hit(Per): 0.5344, Miss(Per): 0.4656	
checkpoints/main/iter16000_net.t7: Eval [     274 /      488]:	 Hit: 15430, Miss: 13442, Hit(Per): 0.5344, Miss(Per): 0.4656	
checkpoints/main/iter16000_net.t7: Eval [     275 /      488]:	 Hit: 15487, Miss: 13490, Hit(Per): 0.5345, Miss(Per): 0.4655	
checkpoints/main/iter16000_net.t7: Eval [     276 /      488]:	 Hit: 15547, Miss: 13545, Hit(Per): 0.5344, Miss(Per): 0.4656	
checkpoints/main/iter16000_net.t7: Eval [     277 /      488]:	 Hit: 15616, Miss: 13593, Hit(Per): 0.5346, Miss(Per): 0.4654	
checkpoints/main/iter16000_net.t7: Eval [     278 /      488]:	 Hit: 15671, Miss: 13630, Hit(Per): 0.5348, Miss(Per): 0.4652	
checkpoints/main/iter16000_net.t7: Eval [     279 /      488]:	 Hit: 15728, Miss: 13687, Hit(Per): 0.5347, Miss(Per): 0.4653	
checkpoints/main/iter16000_net.t7: Eval [     280 /      488]:	 Hit: 15785, Miss: 13730, Hit(Per): 0.5348, Miss(Per): 0.4652	
checkpoints/main/iter16000_net.t7: Eval [     281 /      488]:	 Hit: 15850, Miss: 13793, Hit(Per): 0.5347, Miss(Per): 0.4653	
checkpoints/main/iter16000_net.t7: Eval [     282 /      488]:	 Hit: 15906, Miss: 13838, Hit(Per): 0.5348, Miss(Per): 0.4652	
checkpoints/main/iter16000_net.t7: Eval [     283 /      488]:	 Hit: 15965, Miss: 13888, Hit(Per): 0.5348, Miss(Per): 0.4652	
checkpoints/main/iter16000_net.t7: Eval [     284 /      488]:	 Hit: 16024, Miss: 13939, Hit(Per): 0.5348, Miss(Per): 0.4652	
checkpoints/main/iter16000_net.t7: Eval [     285 /      488]:	 Hit: 16073, Miss: 13983, Hit(Per): 0.5348, Miss(Per): 0.4652	
checkpoints/main/iter16000_net.t7: Eval [     286 /      488]:	 Hit: 16127, Miss: 14029, Hit(Per): 0.5348, Miss(Per): 0.4652	
checkpoints/main/iter16000_net.t7: Eval [     287 /      488]:	 Hit: 16179, Miss: 14092, Hit(Per): 0.5345, Miss(Per): 0.4655	
checkpoints/main/iter16000_net.t7: Eval [     288 /      488]:	 Hit: 16235, Miss: 14134, Hit(Per): 0.5346, Miss(Per): 0.4654	
checkpoints/main/iter16000_net.t7: Eval [     289 /      488]:	 Hit: 16293, Miss: 14172, Hit(Per): 0.5348, Miss(Per): 0.4652	
checkpoints/main/iter16000_net.t7: Eval [     290 /      488]:	 Hit: 16350, Miss: 14235, Hit(Per): 0.5346, Miss(Per): 0.4654	
checkpoints/main/iter16000_net.t7: Eval [     291 /      488]:	 Hit: 16407, Miss: 14282, Hit(Per): 0.5346, Miss(Per): 0.4654	
checkpoints/main/iter16000_net.t7: Eval [     292 /      488]:	 Hit: 16463, Miss: 14332, Hit(Per): 0.5346, Miss(Per): 0.4654	
checkpoints/main/iter16000_net.t7: Eval [     293 /      488]:	 Hit: 16522, Miss: 14376, Hit(Per): 0.5347, Miss(Per): 0.4653	
checkpoints/main/iter16000_net.t7: Eval [     294 /      488]:	 Hit: 16581, Miss: 14423, Hit(Per): 0.5348, Miss(Per): 0.4652	
checkpoints/main/iter16000_net.t7: Eval [     295 /      488]:	 Hit: 16638, Miss: 14459, Hit(Per): 0.5350, Miss(Per): 0.4650	
checkpoints/main/iter16000_net.t7: Eval [     296 /      488]:	 Hit: 16697, Miss: 14504, Hit(Per): 0.5351, Miss(Per): 0.4649	
checkpoints/main/iter16000_net.t7: Eval [     297 /      488]:	 Hit: 16757, Miss: 14565, Hit(Per): 0.5350, Miss(Per): 0.4650	
checkpoints/main/iter16000_net.t7: Eval [     298 /      488]:	 Hit: 16813, Miss: 14603, Hit(Per): 0.5352, Miss(Per): 0.4648	
checkpoints/main/iter16000_net.t7: Eval [     299 /      488]:	 Hit: 16861, Miss: 14649, Hit(Per): 0.5351, Miss(Per): 0.4649	
checkpoints/main/iter16000_net.t7: Eval [     300 /      488]:	 Hit: 16907, Miss: 14692, Hit(Per): 0.5350, Miss(Per): 0.4650	
checkpoints/main/iter16000_net.t7: Eval [     301 /      488]:	 Hit: 16968, Miss: 14750, Hit(Per): 0.5350, Miss(Per): 0.4650	
checkpoints/main/iter16000_net.t7: Eval [     302 /      488]:	 Hit: 17025, Miss: 14797, Hit(Per): 0.5350, Miss(Per): 0.4650	
checkpoints/main/iter16000_net.t7: Eval [     303 /      488]:	 Hit: 17085, Miss: 14850, Hit(Per): 0.5350, Miss(Per): 0.4650	
checkpoints/main/iter16000_net.t7: Eval [     304 /      488]:	 Hit: 17144, Miss: 14901, Hit(Per): 0.5350, Miss(Per): 0.4650	
checkpoints/main/iter16000_net.t7: Eval [     305 /      488]:	 Hit: 17198, Miss: 14953, Hit(Per): 0.5349, Miss(Per): 0.4651	
checkpoints/main/iter16000_net.t7: Eval [     306 /      488]:	 Hit: 17255, Miss: 14997, Hit(Per): 0.5350, Miss(Per): 0.4650	
checkpoints/main/iter16000_net.t7: Eval [     307 /      488]:	 Hit: 17309, Miss: 15056, Hit(Per): 0.5348, Miss(Per): 0.4652	
checkpoints/main/iter16000_net.t7: Eval [     308 /      488]:	 Hit: 17368, Miss: 15113, Hit(Per): 0.5347, Miss(Per): 0.4653	
checkpoints/main/iter16000_net.t7: Eval [     309 /      488]:	 Hit: 17413, Miss: 15164, Hit(Per): 0.5345, Miss(Per): 0.4655	
checkpoints/main/iter16000_net.t7: Eval [     310 /      488]:	 Hit: 17465, Miss: 15198, Hit(Per): 0.5347, Miss(Per): 0.4653	
checkpoints/main/iter16000_net.t7: Eval [     311 /      488]:	 Hit: 17523, Miss: 15250, Hit(Per): 0.5347, Miss(Per): 0.4653	
checkpoints/main/iter16000_net.t7: Eval [     312 /      488]:	 Hit: 17577, Miss: 15300, Hit(Per): 0.5346, Miss(Per): 0.4654	
checkpoints/main/iter16000_net.t7: Eval [     313 /      488]:	 Hit: 17632, Miss: 15359, Hit(Per): 0.5344, Miss(Per): 0.4656	
checkpoints/main/iter16000_net.t7: Eval [     314 /      488]:	 Hit: 17687, Miss: 15400, Hit(Per): 0.5346, Miss(Per): 0.4654	
checkpoints/main/iter16000_net.t7: Eval [     315 /      488]:	 Hit: 17750, Miss: 15445, Hit(Per): 0.5347, Miss(Per): 0.4653	
checkpoints/main/iter16000_net.t7: Eval [     316 /      488]:	 Hit: 17803, Miss: 15495, Hit(Per): 0.5347, Miss(Per): 0.4653	
checkpoints/main/iter16000_net.t7: Eval [     317 /      488]:	 Hit: 17859, Miss: 15544, Hit(Per): 0.5347, Miss(Per): 0.4653	
checkpoints/main/iter16000_net.t7: Eval [     318 /      488]:	 Hit: 17921, Miss: 15591, Hit(Per): 0.5348, Miss(Per): 0.4652	
checkpoints/main/iter16000_net.t7: Eval [     319 /      488]:	 Hit: 17982, Miss: 15634, Hit(Per): 0.5349, Miss(Per): 0.4651	
checkpoints/main/iter16000_net.t7: Eval [     320 /      488]:	 Hit: 18041, Miss: 15689, Hit(Per): 0.5349, Miss(Per): 0.4651	
checkpoints/main/iter16000_net.t7: Eval [     321 /      488]:	 Hit: 18092, Miss: 15737, Hit(Per): 0.5348, Miss(Per): 0.4652	
checkpoints/main/iter16000_net.t7: Eval [     322 /      488]:	 Hit: 18150, Miss: 15789, Hit(Per): 0.5348, Miss(Per): 0.4652	
checkpoints/main/iter16000_net.t7: Eval [     323 /      488]:	 Hit: 18210, Miss: 15832, Hit(Per): 0.5349, Miss(Per): 0.4651	
checkpoints/main/iter16000_net.t7: Eval [     324 /      488]:	 Hit: 18256, Miss: 15877, Hit(Per): 0.5348, Miss(Per): 0.4652	
checkpoints/main/iter16000_net.t7: Eval [     325 /      488]:	 Hit: 18304, Miss: 15927, Hit(Per): 0.5347, Miss(Per): 0.4653	
checkpoints/main/iter16000_net.t7: Eval [     326 /      488]:	 Hit: 18356, Miss: 15971, Hit(Per): 0.5347, Miss(Per): 0.4653	
checkpoints/main/iter16000_net.t7: Eval [     327 /      488]:	 Hit: 18411, Miss: 16022, Hit(Per): 0.5347, Miss(Per): 0.4653	
checkpoints/main/iter16000_net.t7: Eval [     328 /      488]:	 Hit: 18457, Miss: 16067, Hit(Per): 0.5346, Miss(Per): 0.4654	
checkpoints/main/iter16000_net.t7: Eval [     329 /      488]:	 Hit: 18510, Miss: 16115, Hit(Per): 0.5346, Miss(Per): 0.4654	
checkpoints/main/iter16000_net.t7: Eval [     330 /      488]:	 Hit: 18560, Miss: 16169, Hit(Per): 0.5344, Miss(Per): 0.4656	
checkpoints/main/iter16000_net.t7: Eval [     331 /      488]:	 Hit: 18616, Miss: 16216, Hit(Per): 0.5345, Miss(Per): 0.4655	
checkpoints/main/iter16000_net.t7: Eval [     332 /      488]:	 Hit: 18673, Miss: 16269, Hit(Per): 0.5344, Miss(Per): 0.4656	
checkpoints/main/iter16000_net.t7: Eval [     333 /      488]:	 Hit: 18725, Miss: 16323, Hit(Per): 0.5343, Miss(Per): 0.4657	
checkpoints/main/iter16000_net.t7: Eval [     334 /      488]:	 Hit: 18789, Miss: 16365, Hit(Per): 0.5345, Miss(Per): 0.4655	
checkpoints/main/iter16000_net.t7: Eval [     335 /      488]:	 Hit: 18836, Miss: 16407, Hit(Per): 0.5345, Miss(Per): 0.4655	
checkpoints/main/iter16000_net.t7: Eval [     336 /      488]:	 Hit: 18898, Miss: 16456, Hit(Per): 0.5345, Miss(Per): 0.4655	
checkpoints/main/iter16000_net.t7: Eval [     337 /      488]:	 Hit: 18961, Miss: 16503, Hit(Per): 0.5347, Miss(Per): 0.4653	
checkpoints/main/iter16000_net.t7: Eval [     338 /      488]:	 Hit: 19013, Miss: 16557, Hit(Per): 0.5345, Miss(Per): 0.4655	
checkpoints/main/iter16000_net.t7: Eval [     339 /      488]:	 Hit: 19061, Miss: 16600, Hit(Per): 0.5345, Miss(Per): 0.4655	
checkpoints/main/iter16000_net.t7: Eval [     340 /      488]:	 Hit: 19124, Miss: 16647, Hit(Per): 0.5346, Miss(Per): 0.4654	
checkpoints/main/iter16000_net.t7: Eval [     341 /      488]:	 Hit: 19180, Miss: 16689, Hit(Per): 0.5347, Miss(Per): 0.4653	
checkpoints/main/iter16000_net.t7: Eval [     342 /      488]:	 Hit: 19237, Miss: 16741, Hit(Per): 0.5347, Miss(Per): 0.4653	
checkpoints/main/iter16000_net.t7: Eval [     343 /      488]:	 Hit: 19296, Miss: 16784, Hit(Per): 0.5348, Miss(Per): 0.4652	
checkpoints/main/iter16000_net.t7: Eval [     344 /      488]:	 Hit: 19349, Miss: 16826, Hit(Per): 0.5349, Miss(Per): 0.4651	
checkpoints/main/iter16000_net.t7: Eval [     345 /      488]:	 Hit: 19406, Miss: 16889, Hit(Per): 0.5347, Miss(Per): 0.4653	
checkpoints/main/iter16000_net.t7: Eval [     346 /      488]:	 Hit: 19463, Miss: 16930, Hit(Per): 0.5348, Miss(Per): 0.4652	
checkpoints/main/iter16000_net.t7: Eval [     347 /      488]:	 Hit: 19518, Miss: 16979, Hit(Per): 0.5348, Miss(Per): 0.4652	
checkpoints/main/iter16000_net.t7: Eval [     348 /      488]:	 Hit: 19574, Miss: 17041, Hit(Per): 0.5346, Miss(Per): 0.4654	
checkpoints/main/iter16000_net.t7: Eval [     349 /      488]:	 Hit: 19622, Miss: 17095, Hit(Per): 0.5344, Miss(Per): 0.4656	
checkpoints/main/iter16000_net.t7: Eval [     350 /      488]:	 Hit: 19681, Miss: 17151, Hit(Per): 0.5343, Miss(Per): 0.4657	
checkpoints/main/iter16000_net.t7: Eval [     351 /      488]:	 Hit: 19738, Miss: 17204, Hit(Per): 0.5343, Miss(Per): 0.4657	
checkpoints/main/iter16000_net.t7: Eval [     352 /      488]:	 Hit: 19795, Miss: 17246, Hit(Per): 0.5344, Miss(Per): 0.4656	
checkpoints/main/iter16000_net.t7: Eval [     353 /      488]:	 Hit: 19853, Miss: 17291, Hit(Per): 0.5345, Miss(Per): 0.4655	
checkpoints/main/iter16000_net.t7: Eval [     354 /      488]:	 Hit: 19916, Miss: 17347, Hit(Per): 0.5345, Miss(Per): 0.4655	
checkpoints/main/iter16000_net.t7: Eval [     355 /      488]:	 Hit: 19968, Miss: 17400, Hit(Per): 0.5344, Miss(Per): 0.4656	
checkpoints/main/iter16000_net.t7: Eval [     356 /      488]:	 Hit: 20016, Miss: 17439, Hit(Per): 0.5344, Miss(Per): 0.4656	
checkpoints/main/iter16000_net.t7: Eval [     357 /      488]:	 Hit: 20075, Miss: 17497, Hit(Per): 0.5343, Miss(Per): 0.4657	
checkpoints/main/iter16000_net.t7: Eval [     358 /      488]:	 Hit: 20132, Miss: 17539, Hit(Per): 0.5344, Miss(Per): 0.4656	
checkpoints/main/iter16000_net.t7: Eval [     359 /      488]:	 Hit: 20193, Miss: 17593, Hit(Per): 0.5344, Miss(Per): 0.4656	
checkpoints/main/iter16000_net.t7: Eval [     360 /      488]:	 Hit: 20236, Miss: 17648, Hit(Per): 0.5342, Miss(Per): 0.4658	
checkpoints/main/iter16000_net.t7: Eval [     361 /      488]:	 Hit: 20292, Miss: 17694, Hit(Per): 0.5342, Miss(Per): 0.4658	
checkpoints/main/iter16000_net.t7: Eval [     362 /      488]:	 Hit: 20341, Miss: 17737, Hit(Per): 0.5342, Miss(Per): 0.4658	
checkpoints/main/iter16000_net.t7: Eval [     363 /      488]:	 Hit: 20400, Miss: 17774, Hit(Per): 0.5344, Miss(Per): 0.4656	
checkpoints/main/iter16000_net.t7: Eval [     364 /      488]:	 Hit: 20450, Miss: 17809, Hit(Per): 0.5345, Miss(Per): 0.4655	
checkpoints/main/iter16000_net.t7: Eval [     365 /      488]:	 Hit: 20510, Miss: 17854, Hit(Per): 0.5346, Miss(Per): 0.4654	
checkpoints/main/iter16000_net.t7: Eval [     366 /      488]:	 Hit: 20564, Miss: 17902, Hit(Per): 0.5346, Miss(Per): 0.4654	
checkpoints/main/iter16000_net.t7: Eval [     367 /      488]:	 Hit: 20632, Miss: 17960, Hit(Per): 0.5346, Miss(Per): 0.4654	
checkpoints/main/iter16000_net.t7: Eval [     368 /      488]:	 Hit: 20683, Miss: 18009, Hit(Per): 0.5346, Miss(Per): 0.4654	
checkpoints/main/iter16000_net.t7: Eval [     369 /      488]:	 Hit: 20740, Miss: 18052, Hit(Per): 0.5346, Miss(Per): 0.4654	
checkpoints/main/iter16000_net.t7: Eval [     370 /      488]:	 Hit: 20795, Miss: 18102, Hit(Per): 0.5346, Miss(Per): 0.4654	
checkpoints/main/iter16000_net.t7: Eval [     371 /      488]:	 Hit: 20842, Miss: 18157, Hit(Per): 0.5344, Miss(Per): 0.4656	
checkpoints/main/iter16000_net.t7: Eval [     372 /      488]:	 Hit: 20895, Miss: 18211, Hit(Per): 0.5343, Miss(Per): 0.4657	
checkpoints/main/iter16000_net.t7: Eval [     373 /      488]:	 Hit: 20948, Miss: 18253, Hit(Per): 0.5344, Miss(Per): 0.4656	
checkpoints/main/iter16000_net.t7: Eval [     374 /      488]:	 Hit: 20992, Miss: 18290, Hit(Per): 0.5344, Miss(Per): 0.4656	
checkpoints/main/iter16000_net.t7: Eval [     375 /      488]:	 Hit: 21045, Miss: 18334, Hit(Per): 0.5344, Miss(Per): 0.4656	
checkpoints/main/iter16000_net.t7: Eval [     376 /      488]:	 Hit: 21093, Miss: 18384, Hit(Per): 0.5343, Miss(Per): 0.4657	
checkpoints/main/iter16000_net.t7: Eval [     377 /      488]:	 Hit: 21146, Miss: 18424, Hit(Per): 0.5344, Miss(Per): 0.4656	
checkpoints/main/iter16000_net.t7: Eval [     378 /      488]:	 Hit: 21199, Miss: 18469, Hit(Per): 0.5344, Miss(Per): 0.4656	
checkpoints/main/iter16000_net.t7: Eval [     379 /      488]:	 Hit: 21256, Miss: 18517, Hit(Per): 0.5344, Miss(Per): 0.4656	
checkpoints/main/iter16000_net.t7: Eval [     380 /      488]:	 Hit: 21315, Miss: 18562, Hit(Per): 0.5345, Miss(Per): 0.4655	
checkpoints/main/iter16000_net.t7: Eval [     381 /      488]:	 Hit: 21364, Miss: 18615, Hit(Per): 0.5344, Miss(Per): 0.4656	
checkpoints/main/iter16000_net.t7: Eval [     382 /      488]:	 Hit: 21419, Miss: 18663, Hit(Per): 0.5344, Miss(Per): 0.4656	
checkpoints/main/iter16000_net.t7: Eval [     383 /      488]:	 Hit: 21466, Miss: 18713, Hit(Per): 0.5343, Miss(Per): 0.4657	
checkpoints/main/iter16000_net.t7: Eval [     384 /      488]:	 Hit: 21525, Miss: 18763, Hit(Per): 0.5343, Miss(Per): 0.4657	
checkpoints/main/iter16000_net.t7: Eval [     385 /      488]:	 Hit: 21589, Miss: 18813, Hit(Per): 0.5344, Miss(Per): 0.4656	
checkpoints/main/iter16000_net.t7: Eval [     386 /      488]:	 Hit: 21641, Miss: 18865, Hit(Per): 0.5343, Miss(Per): 0.4657	
checkpoints/main/iter16000_net.t7: Eval [     387 /      488]:	 Hit: 21695, Miss: 18913, Hit(Per): 0.5343, Miss(Per): 0.4657	
checkpoints/main/iter16000_net.t7: Eval [     388 /      488]:	 Hit: 21748, Miss: 18964, Hit(Per): 0.5342, Miss(Per): 0.4658	
checkpoints/main/iter16000_net.t7: Eval [     389 /      488]:	 Hit: 21806, Miss: 19013, Hit(Per): 0.5342, Miss(Per): 0.4658	
checkpoints/main/iter16000_net.t7: Eval [     390 /      488]:	 Hit: 21865, Miss: 19073, Hit(Per): 0.5341, Miss(Per): 0.4659	
checkpoints/main/iter16000_net.t7: Eval [     391 /      488]:	 Hit: 21910, Miss: 19106, Hit(Per): 0.5342, Miss(Per): 0.4658	
checkpoints/main/iter16000_net.t7: Eval [     392 /      488]:	 Hit: 21969, Miss: 19153, Hit(Per): 0.5342, Miss(Per): 0.4658	
checkpoints/main/iter16000_net.t7: Eval [     393 /      488]:	 Hit: 22019, Miss: 19197, Hit(Per): 0.5342, Miss(Per): 0.4658	
checkpoints/main/iter16000_net.t7: Eval [     394 /      488]:	 Hit: 22073, Miss: 19249, Hit(Per): 0.5342, Miss(Per): 0.4658	
checkpoints/main/iter16000_net.t7: Eval [     395 /      488]:	 Hit: 22127, Miss: 19307, Hit(Per): 0.5340, Miss(Per): 0.4660	
checkpoints/main/iter16000_net.t7: Eval [     396 /      488]:	 Hit: 22178, Miss: 19352, Hit(Per): 0.5340, Miss(Per): 0.4660	
checkpoints/main/iter16000_net.t7: Eval [     397 /      488]:	 Hit: 22233, Miss: 19392, Hit(Per): 0.5341, Miss(Per): 0.4659	
checkpoints/main/iter16000_net.t7: Eval [     398 /      488]:	 Hit: 22289, Miss: 19452, Hit(Per): 0.5340, Miss(Per): 0.4660	
checkpoints/main/iter16000_net.t7: Eval [     399 /      488]:	 Hit: 22345, Miss: 19504, Hit(Per): 0.5339, Miss(Per): 0.4661	
checkpoints/main/iter16000_net.t7: Eval [     400 /      488]:	 Hit: 22401, Miss: 19554, Hit(Per): 0.5339, Miss(Per): 0.4661	
checkpoints/main/iter16000_net.t7: Eval [     401 /      488]:	 Hit: 22463, Miss: 19610, Hit(Per): 0.5339, Miss(Per): 0.4661	
checkpoints/main/iter16000_net.t7: Eval [     402 /      488]:	 Hit: 22526, Miss: 19657, Hit(Per): 0.5340, Miss(Per): 0.4660	
checkpoints/main/iter16000_net.t7: Eval [     403 /      488]:	 Hit: 22577, Miss: 19689, Hit(Per): 0.5342, Miss(Per): 0.4658	
checkpoints/main/iter16000_net.t7: Eval [     404 /      488]:	 Hit: 22633, Miss: 19741, Hit(Per): 0.5341, Miss(Per): 0.4659	
checkpoints/main/iter16000_net.t7: Eval [     405 /      488]:	 Hit: 22695, Miss: 19800, Hit(Per): 0.5341, Miss(Per): 0.4659	
checkpoints/main/iter16000_net.t7: Eval [     406 /      488]:	 Hit: 22754, Miss: 19858, Hit(Per): 0.5340, Miss(Per): 0.4660	
checkpoints/main/iter16000_net.t7: Eval [     407 /      488]:	 Hit: 22811, Miss: 19898, Hit(Per): 0.5341, Miss(Per): 0.4659	
checkpoints/main/iter16000_net.t7: Eval [     408 /      488]:	 Hit: 22853, Miss: 19938, Hit(Per): 0.5341, Miss(Per): 0.4659	
checkpoints/main/iter16000_net.t7: Eval [     409 /      488]:	 Hit: 22909, Miss: 19983, Hit(Per): 0.5341, Miss(Per): 0.4659	
checkpoints/main/iter16000_net.t7: Eval [     410 /      488]:	 Hit: 22959, Miss: 20028, Hit(Per): 0.5341, Miss(Per): 0.4659	
checkpoints/main/iter16000_net.t7: Eval [     411 /      488]:	 Hit: 23013, Miss: 20066, Hit(Per): 0.5342, Miss(Per): 0.4658	
checkpoints/main/iter16000_net.t7: Eval [     412 /      488]:	 Hit: 23068, Miss: 20114, Hit(Per): 0.5342, Miss(Per): 0.4658	
checkpoints/main/iter16000_net.t7: Eval [     413 /      488]:	 Hit: 23124, Miss: 20162, Hit(Per): 0.5342, Miss(Per): 0.4658	
checkpoints/main/iter16000_net.t7: Eval [     414 /      488]:	 Hit: 23174, Miss: 20204, Hit(Per): 0.5342, Miss(Per): 0.4658	
checkpoints/main/iter16000_net.t7: Eval [     415 /      488]:	 Hit: 23228, Miss: 20238, Hit(Per): 0.5344, Miss(Per): 0.4656	
checkpoints/main/iter16000_net.t7: Eval [     416 /      488]:	 Hit: 23282, Miss: 20286, Hit(Per): 0.5344, Miss(Per): 0.4656	
checkpoints/main/iter16000_net.t7: Eval [     417 /      488]:	 Hit: 23340, Miss: 20336, Hit(Per): 0.5344, Miss(Per): 0.4656	
checkpoints/main/iter16000_net.t7: Eval [     418 /      488]:	 Hit: 23394, Miss: 20381, Hit(Per): 0.5344, Miss(Per): 0.4656	
checkpoints/main/iter16000_net.t7: Eval [     419 /      488]:	 Hit: 23450, Miss: 20430, Hit(Per): 0.5344, Miss(Per): 0.4656	
checkpoints/main/iter16000_net.t7: Eval [     420 /      488]:	 Hit: 23501, Miss: 20473, Hit(Per): 0.5344, Miss(Per): 0.4656	
checkpoints/main/iter16000_net.t7: Eval [     421 /      488]:	 Hit: 23558, Miss: 20529, Hit(Per): 0.5344, Miss(Per): 0.4656	
checkpoints/main/iter16000_net.t7: Eval [     422 /      488]:	 Hit: 23611, Miss: 20563, Hit(Per): 0.5345, Miss(Per): 0.4655	
checkpoints/main/iter16000_net.t7: Eval [     423 /      488]:	 Hit: 23672, Miss: 20616, Hit(Per): 0.5345, Miss(Per): 0.4655	
checkpoints/main/iter16000_net.t7: Eval [     424 /      488]:	 Hit: 23725, Miss: 20662, Hit(Per): 0.5345, Miss(Per): 0.4655	
checkpoints/main/iter16000_net.t7: Eval [     425 /      488]:	 Hit: 23781, Miss: 20715, Hit(Per): 0.5345, Miss(Per): 0.4655	
checkpoints/main/iter16000_net.t7: Eval [     426 /      488]:	 Hit: 23842, Miss: 20760, Hit(Per): 0.5346, Miss(Per): 0.4654	
checkpoints/main/iter16000_net.t7: Eval [     427 /      488]:	 Hit: 23892, Miss: 20794, Hit(Per): 0.5347, Miss(Per): 0.4653	
checkpoints/main/iter16000_net.t7: Eval [     428 /      488]:	 Hit: 23948, Miss: 20840, Hit(Per): 0.5347, Miss(Per): 0.4653	
checkpoints/main/iter16000_net.t7: Eval [     429 /      488]:	 Hit: 24002, Miss: 20898, Hit(Per): 0.5346, Miss(Per): 0.4654	
checkpoints/main/iter16000_net.t7: Eval [     430 /      488]:	 Hit: 24062, Miss: 20949, Hit(Per): 0.5346, Miss(Per): 0.4654	
checkpoints/main/iter16000_net.t7: Eval [     431 /      488]:	 Hit: 24117, Miss: 20987, Hit(Per): 0.5347, Miss(Per): 0.4653	
checkpoints/main/iter16000_net.t7: Eval [     432 /      488]:	 Hit: 24177, Miss: 21035, Hit(Per): 0.5347, Miss(Per): 0.4653	
checkpoints/main/iter16000_net.t7: Eval [     433 /      488]:	 Hit: 24235, Miss: 21069, Hit(Per): 0.5349, Miss(Per): 0.4651	
checkpoints/main/iter16000_net.t7: Eval [     434 /      488]:	 Hit: 24301, Miss: 21118, Hit(Per): 0.5350, Miss(Per): 0.4650	
checkpoints/main/iter16000_net.t7: Eval [     435 /      488]:	 Hit: 24362, Miss: 21162, Hit(Per): 0.5351, Miss(Per): 0.4649	
checkpoints/main/iter16000_net.t7: Eval [     436 /      488]:	 Hit: 24418, Miss: 21214, Hit(Per): 0.5351, Miss(Per): 0.4649	
checkpoints/main/iter16000_net.t7: Eval [     437 /      488]:	 Hit: 24467, Miss: 21250, Hit(Per): 0.5352, Miss(Per): 0.4648	
checkpoints/main/iter16000_net.t7: Eval [     438 /      488]:	 Hit: 24521, Miss: 21295, Hit(Per): 0.5352, Miss(Per): 0.4648	
checkpoints/main/iter16000_net.t7: Eval [     439 /      488]:	 Hit: 24584, Miss: 21361, Hit(Per): 0.5351, Miss(Per): 0.4649	
checkpoints/main/iter16000_net.t7: Eval [     440 /      488]:	 Hit: 24644, Miss: 21408, Hit(Per): 0.5351, Miss(Per): 0.4649	
checkpoints/main/iter16000_net.t7: Eval [     441 /      488]:	 Hit: 24693, Miss: 21453, Hit(Per): 0.5351, Miss(Per): 0.4649	
checkpoints/main/iter16000_net.t7: Eval [     442 /      488]:	 Hit: 24742, Miss: 21507, Hit(Per): 0.5350, Miss(Per): 0.4650	
checkpoints/main/iter16000_net.t7: Eval [     443 /      488]:	 Hit: 24801, Miss: 21563, Hit(Per): 0.5349, Miss(Per): 0.4651	
checkpoints/main/iter16000_net.t7: Eval [     444 /      488]:	 Hit: 24861, Miss: 21605, Hit(Per): 0.5350, Miss(Per): 0.4650	
checkpoints/main/iter16000_net.t7: Eval [     445 /      488]:	 Hit: 24912, Miss: 21650, Hit(Per): 0.5350, Miss(Per): 0.4650	
checkpoints/main/iter16000_net.t7: Eval [     446 /      488]:	 Hit: 24968, Miss: 21697, Hit(Per): 0.5350, Miss(Per): 0.4650	
checkpoints/main/iter16000_net.t7: Eval [     447 /      488]:	 Hit: 25016, Miss: 21740, Hit(Per): 0.5350, Miss(Per): 0.4650	
checkpoints/main/iter16000_net.t7: Eval [     448 /      488]:	 Hit: 25065, Miss: 21793, Hit(Per): 0.5349, Miss(Per): 0.4651	
checkpoints/main/iter16000_net.t7: Eval [     449 /      488]:	 Hit: 25116, Miss: 21846, Hit(Per): 0.5348, Miss(Per): 0.4652	
checkpoints/main/iter16000_net.t7: Eval [     450 /      488]:	 Hit: 25170, Miss: 21892, Hit(Per): 0.5348, Miss(Per): 0.4652	
checkpoints/main/iter16000_net.t7: Eval [     451 /      488]:	 Hit: 25219, Miss: 21935, Hit(Per): 0.5348, Miss(Per): 0.4652	
checkpoints/main/iter16000_net.t7: Eval [     452 /      488]:	 Hit: 25266, Miss: 21972, Hit(Per): 0.5349, Miss(Per): 0.4651	
checkpoints/main/iter16000_net.t7: Eval [     453 /      488]:	 Hit: 25325, Miss: 22028, Hit(Per): 0.5348, Miss(Per): 0.4652	
checkpoints/main/iter16000_net.t7: Eval [     454 /      488]:	 Hit: 25388, Miss: 22076, Hit(Per): 0.5349, Miss(Per): 0.4651	
checkpoints/main/iter16000_net.t7: Eval [     455 /      488]:	 Hit: 25451, Miss: 22138, Hit(Per): 0.5348, Miss(Per): 0.4652	
checkpoints/main/iter16000_net.t7: Eval [     456 /      488]:	 Hit: 25507, Miss: 22192, Hit(Per): 0.5347, Miss(Per): 0.4653	
checkpoints/main/iter16000_net.t7: Eval [     457 /      488]:	 Hit: 25572, Miss: 22254, Hit(Per): 0.5347, Miss(Per): 0.4653	
checkpoints/main/iter16000_net.t7: Eval [     458 /      488]:	 Hit: 25625, Miss: 22291, Hit(Per): 0.5348, Miss(Per): 0.4652	
checkpoints/main/iter16000_net.t7: Eval [     459 /      488]:	 Hit: 25675, Miss: 22327, Hit(Per): 0.5349, Miss(Per): 0.4651	
checkpoints/main/iter16000_net.t7: Eval [     460 /      488]:	 Hit: 25736, Miss: 22371, Hit(Per): 0.5350, Miss(Per): 0.4650	
checkpoints/main/iter16000_net.t7: Eval [     461 /      488]:	 Hit: 25795, Miss: 22406, Hit(Per): 0.5352, Miss(Per): 0.4648	
checkpoints/main/iter16000_net.t7: Eval [     462 /      488]:	 Hit: 25849, Miss: 22465, Hit(Per): 0.5350, Miss(Per): 0.4650	
checkpoints/main/iter16000_net.t7: Eval [     463 /      488]:	 Hit: 25904, Miss: 22518, Hit(Per): 0.5350, Miss(Per): 0.4650	
checkpoints/main/iter16000_net.t7: Eval [     464 /      488]:	 Hit: 25958, Miss: 22561, Hit(Per): 0.5350, Miss(Per): 0.4650	
checkpoints/main/iter16000_net.t7: Eval [     465 /      488]:	 Hit: 26007, Miss: 22609, Hit(Per): 0.5349, Miss(Per): 0.4651	
checkpoints/main/iter16000_net.t7: Eval [     466 /      488]:	 Hit: 26064, Miss: 22664, Hit(Per): 0.5349, Miss(Per): 0.4651	
checkpoints/main/iter16000_net.t7: Eval [     467 /      488]:	 Hit: 26120, Miss: 22711, Hit(Per): 0.5349, Miss(Per): 0.4651	
checkpoints/main/iter16000_net.t7: Eval [     468 /      488]:	 Hit: 26174, Miss: 22754, Hit(Per): 0.5349, Miss(Per): 0.4651	
checkpoints/main/iter16000_net.t7: Eval [     469 /      488]:	 Hit: 26228, Miss: 22794, Hit(Per): 0.5350, Miss(Per): 0.4650	
checkpoints/main/iter16000_net.t7: Eval [     470 /      488]:	 Hit: 26289, Miss: 22836, Hit(Per): 0.5351, Miss(Per): 0.4649	
checkpoints/main/iter16000_net.t7: Eval [     471 /      488]:	 Hit: 26344, Miss: 22881, Hit(Per): 0.5352, Miss(Per): 0.4648	
checkpoints/main/iter16000_net.t7: Eval [     472 /      488]:	 Hit: 26405, Miss: 22934, Hit(Per): 0.5352, Miss(Per): 0.4648	
checkpoints/main/iter16000_net.t7: Eval [     473 /      488]:	 Hit: 26456, Miss: 22989, Hit(Per): 0.5351, Miss(Per): 0.4649	
checkpoints/main/iter16000_net.t7: Eval [     474 /      488]:	 Hit: 26512, Miss: 23035, Hit(Per): 0.5351, Miss(Per): 0.4649	
checkpoints/main/iter16000_net.t7: Eval [     475 /      488]:	 Hit: 26572, Miss: 23082, Hit(Per): 0.5351, Miss(Per): 0.4649	
checkpoints/main/iter16000_net.t7: Eval [     476 /      488]:	 Hit: 26627, Miss: 23132, Hit(Per): 0.5351, Miss(Per): 0.4649	
checkpoints/main/iter16000_net.t7: Eval [     477 /      488]:	 Hit: 26686, Miss: 23181, Hit(Per): 0.5351, Miss(Per): 0.4649	
checkpoints/main/iter16000_net.t7: Eval [     478 /      488]:	 Hit: 26743, Miss: 23228, Hit(Per): 0.5352, Miss(Per): 0.4648	
checkpoints/main/iter16000_net.t7: Eval [     479 /      488]:	 Hit: 26791, Miss: 23269, Hit(Per): 0.5352, Miss(Per): 0.4648	
checkpoints/main/iter16000_net.t7: Eval [     480 /      488]:	 Hit: 26852, Miss: 23320, Hit(Per): 0.5352, Miss(Per): 0.4648	
checkpoints/main/iter16000_net.t7: Eval [     481 /      488]:	 Hit: 26920, Miss: 23360, Hit(Per): 0.5354, Miss(Per): 0.4646	
checkpoints/main/iter16000_net.t7: Eval [     482 /      488]:	 Hit: 26980, Miss: 23412, Hit(Per): 0.5354, Miss(Per): 0.4646	
checkpoints/main/iter16000_net.t7: Eval [     483 /      488]:	 Hit: 27032, Miss: 23463, Hit(Per): 0.5353, Miss(Per): 0.4647	
checkpoints/main/iter16000_net.t7: Eval [     484 /      488]:	 Hit: 27086, Miss: 23511, Hit(Per): 0.5353, Miss(Per): 0.4647	
checkpoints/main/iter16000_net.t7: Eval [     485 /      488]:	 Hit: 27147, Miss: 23565, Hit(Per): 0.5353, Miss(Per): 0.4647	
checkpoints/main/iter16000_net.t7: Eval [     486 /      488]:	 Hit: 27200, Miss: 23620, Hit(Per): 0.5352, Miss(Per): 0.4648	
checkpoints/main/iter16000_net.t7: Eval [     487 /      488]:	 Hit: 27264, Miss: 23684, Hit(Per): 0.5351, Miss(Per): 0.4649	
checkpoints/main/iter16000_net.t7: Eval [     488 /      488]:	 Hit: 27324, Miss: 23731, Hit(Per): 0.5352, Miss(Per): 0.4648	
Overall Hit: 27324, Miss: 23731: Hit(Per): 0.5352, Miss(Per): 0.4648	
Class: 1, Hit: 7808, Miss: 0, Hit(Per): 1.0000, Miss(Per): 0.0000	
Class: 2, Hit: 227, Miss: 1650, Hit(Per): 0.1209, Miss(Per): 0.8791	
Class: 3, Hit: 0, Miss: 586, Hit(Per): 0.0000, Miss(Per): 1.0000	
Class: 4, Hit: 0, Miss: 70, Hit(Per): 0.0000, Miss(Per): 1.0000	
Class: 5, Hit: 0, Miss: 140, Hit(Per): 0.0000, Miss(Per): 1.0000	
Class: 6, Hit: 0, Miss: 143, Hit(Per): 0.0000, Miss(Per): 1.0000	
Class: 7, Hit: 0, Miss: 38, Hit(Per): 0.0000, Miss(Per): 1.0000	
Class: 8, Hit: 0, Miss: 73, Hit(Per): 0.0000, Miss(Per): 1.0000	
Class: 9, Hit: 0, Miss: 532, Hit(Per): 0.0000, Miss(Per): 1.0000	
Class: 10, Hit: 0, Miss: 292, Hit(Per): 0.0000, Miss(Per): 1.0000	
Class: 11, Hit: 0, Miss: 131, Hit(Per): 0.0000, Miss(Per): 1.0000	
Class: 12, Hit: 0, Miss: 38, Hit(Per): 0.0000, Miss(Per): 1.0000	
Class: 13, Hit: 0, Miss: 119, Hit(Per): 0.0000, Miss(Per): 1.0000	
Class: 14, Hit: 0, Miss: 219, Hit(Per): 0.0000, Miss(Per): 1.0000	
Class: 15, Hit: 0, Miss: 31, Hit(Per): 0.0000, Miss(Per): 1.0000	
Class: 16, Hit: 0, Miss: 6, Hit(Per): 0.0000, Miss(Per): 1.0000	
Class: 17, Hit: 0, Miss: 62, Hit(Per): 0.0000, Miss(Per): 1.0000	
Class: 18, Hit: 10, Miss: 334, Hit(Per): 0.0291, Miss(Per): 0.9709	
Class: 19, Hit: 3, Miss: 265, Hit(Per): 0.0112, Miss(Per): 0.9888	
Class: 20, Hit: 0, Miss: 110, Hit(Per): 0.0000, Miss(Per): 1.0000	
Class: 21, Hit: 5333, Miss: 1947, Hit(Per): 0.7326, Miss(Per): 0.2674	
Class: 22, Hit: 0, Miss: 42, Hit(Per): 0.0000, Miss(Per): 1.0000	
Class: 23, Hit: 0, Miss: 110, Hit(Per): 0.0000, Miss(Per): 1.0000	
Class: 24, Hit: 3127, Miss: 2789, Hit(Per): 0.5286, Miss(Per): 0.4714	
Class: 25, Hit: 0, Miss: 38, Hit(Per): 0.0000, Miss(Per): 1.0000	
Class: 26, Hit: 0, Miss: 106, Hit(Per): 0.0000, Miss(Per): 1.0000	
Class: 27, Hit: 0, Miss: 253, Hit(Per): 0.0000, Miss(Per): 1.0000	
Class: 28, Hit: 0, Miss: 117, Hit(Per): 0.0000, Miss(Per): 1.0000	
Class: 29, Hit: 0, Miss: 13, Hit(Per): 0.0000, Miss(Per): 1.0000	
Class: 30, Hit: 0, Miss: 124, Hit(Per): 0.0000, Miss(Per): 1.0000	
Class: 31, Hit: 6, Miss: 497, Hit(Per): 0.0119, Miss(Per): 0.9881	
Class: 32, Hit: 0, Miss: 94, Hit(Per): 0.0000, Miss(Per): 1.0000	
Class: 33, Hit: 0, Miss: 109, Hit(Per): 0.0000, Miss(Per): 1.0000	
Class: 34, Hit: 0, Miss: 7, Hit(Per): 0.0000, Miss(Per): 1.0000	
Class: 35, Hit: 0, Miss: 125, Hit(Per): 0.0000, Miss(Per): 1.0000	
Class: 36, Hit: 115, Miss: 1008, Hit(Per): 0.1024, Miss(Per): 0.8976	
Class: 37, Hit: 0, Miss: 27, Hit(Per): 0.0000, Miss(Per): 1.0000	
Class: 38, Hit: 0, Miss: 143, Hit(Per): 0.0000, Miss(Per): 1.0000	
Class: 39, Hit: 0, Miss: 26, Hit(Per): 0.0000, Miss(Per): 1.0000	
Class: 40, Hit: 0, Miss: 0, Hit(Per): nan, Miss(Per): nan	
Class: 41, Hit: 0, Miss: 97, Hit(Per): 0.0000, Miss(Per): 1.0000	
Class: 42, Hit: 0, Miss: 10, Hit(Per): 0.0000, Miss(Per): 1.0000	
Class: 43, Hit: 0, Miss: 106, Hit(Per): 0.0000, Miss(Per): 1.0000	
Class: 44, Hit: 0, Miss: 340, Hit(Per): 0.0000, Miss(Per): 1.0000	
Class: 45, Hit: 0, Miss: 74, Hit(Per): 0.0000, Miss(Per): 1.0000	
Class: 46, Hit: 0, Miss: 117, Hit(Per): 0.0000, Miss(Per): 1.0000	
Class: 47, Hit: 13, Miss: 356, Hit(Per): 0.0352, Miss(Per): 0.9648	
Class: 48, Hit: 0, Miss: 22, Hit(Per): 0.0000, Miss(Per): 1.0000	
Class: 49, Hit: 904, Miss: 2282, Hit(Per): 0.2837, Miss(Per): 0.7163	
Class: 50, Hit: 0, Miss: 104, Hit(Per): 0.0000, Miss(Per): 1.0000	
Class: 51, Hit: 0, Miss: 330, Hit(Per): 0.0000, Miss(Per): 1.0000	
Class: 52, Hit: 0, Miss: 50, Hit(Per): 0.0000, Miss(Per): 1.0000	
Class: 53, Hit: 0, Miss: 126, Hit(Per): 0.0000, Miss(Per): 1.0000	
Class: 54, Hit: 0, Miss: 0, Hit(Per): nan, Miss(Per): nan	
Class: 55, Hit: 6, Miss: 284, Hit(Per): 0.0207, Miss(Per): 0.9793	
Class: 56, Hit: 60, Miss: 1111, Hit(Per): 0.0512, Miss(Per): 0.9488	
Class: 57, Hit: 24, Miss: 1105, Hit(Per): 0.0213, Miss(Per): 0.9787	
Class: 58, Hit: 0, Miss: 0, Hit(Per): nan, Miss(Per): nan	
Class: 59, Hit: 0, Miss: 0, Hit(Per): nan, Miss(Per): nan	
Class: 60, Hit: 0, Miss: 87, Hit(Per): 0.0000, Miss(Per): 1.0000	
Class: 61, Hit: 17, Miss: 170, Hit(Per): 0.0909, Miss(Per): 0.9091	
Class: 62, Hit: 0, Miss: 158, Hit(Per): 0.0000, Miss(Per): 1.0000	
Class: 63, Hit: 0, Miss: 460, Hit(Per): 0.0000, Miss(Per): 1.0000	
Class: 64, Hit: 0, Miss: 105, Hit(Per): 0.0000, Miss(Per): 1.0000	
Class: 65, Hit: 0, Miss: 118, Hit(Per): 0.0000, Miss(Per): 1.0000	
Class: 66, Hit: 0, Miss: 138, Hit(Per): 0.0000, Miss(Per): 1.0000	
Class: 67, Hit: 0, Miss: 46, Hit(Per): 0.0000, Miss(Per): 1.0000	
Class: 68, Hit: 0, Miss: 93, Hit(Per): 0.0000, Miss(Per): 1.0000	
Class: 69, Hit: 0, Miss: 262, Hit(Per): 0.0000, Miss(Per): 1.0000	
Class: 70, Hit: 0, Miss: 17, Hit(Per): 0.0000, Miss(Per): 1.0000	
Class: 71, Hit: 0, Miss: 19, Hit(Per): 0.0000, Miss(Per): 1.0000	
Class: 72, Hit: 0, Miss: 117, Hit(Per): 0.0000, Miss(Per): 1.0000	
Class: 73, Hit: 0, Miss: 120, Hit(Per): 0.0000, Miss(Per): 1.0000	
Class: 74, Hit: 0, Miss: 137, Hit(Per): 0.0000, Miss(Per): 1.0000	
Class: 75, Hit: 2, Miss: 211, Hit(Per): 0.0094, Miss(Per): 0.9906	
Class: 76, Hit: 0, Miss: 111, Hit(Per): 0.0000, Miss(Per): 1.0000	
Class: 77, Hit: 198, Miss: 1191, Hit(Per): 0.1425, Miss(Per): 0.8575	
Class: 78, Hit: 0, Miss: 126, Hit(Per): 0.0000, Miss(Per): 1.0000	
Class: 79, Hit: 0, Miss: 87, Hit(Per): 0.0000, Miss(Per): 1.0000	
Class: 80, Hit: 6, Miss: 228, Hit(Per): 0.0256, Miss(Per): 0.9744	
Class: 81, Hit: 0, Miss: 124, Hit(Per): 0.0000, Miss(Per): 1.0000	
Class: 82, Hit: 0, Miss: 25, Hit(Per): 0.0000, Miss(Per): 1.0000	
Class: 83, Hit: 0, Miss: 125, Hit(Per): 0.0000, Miss(Per): 1.0000	
Class: 84, Hit: 0, Miss: 0, Hit(Per): nan, Miss(Per): nan	
Class: 85, Hit: 35, Miss: 275, Hit(Per): 0.1129, Miss(Per): 0.8871	
Class: 86, Hit: 0, Miss: 134, Hit(Per): 0.0000, Miss(Per): 1.0000	
Class: 87, Hit: 0, Miss: 67, Hit(Per): 0.0000, Miss(Per): 1.0000	
Class: 88, Hit: 0, Miss: 52, Hit(Per): 0.0000, Miss(Per): 1.0000	
